// Jest Snapshot v1, https://goo.gl/fbAQLP

exports[`ArticleList renders correctly 1`] = `
<div>
  <div
    style={
      Object {
        "padding": 8,
      }
    }
  >
    <div
      style={
        Object {
          "fontWeight": "bold",
        }
      }
    />
    <div
      style={
        Object {
          "color": "#888",
          "fontSize": "0.85em",
        }
      }
    />
    <div
      style={
        Object {
          "padding": 8,
        }
      }
    >
      <a
        href={undefined}
      >
         
      </a>
    </div>
    <div
      style={
        Object {
          "padding": 8,
        }
      }
    />
  </div>
  <div
    style={
      Object {
        "padding": 8,
      }
    }
  >
    <div
      style={
        Object {
          "fontWeight": "bold",
        }
      }
    />
    <div
      style={
        Object {
          "color": "#888",
          "fontSize": "0.85em",
        }
      }
    />
    <div
      style={
        Object {
          "padding": 8,
        }
      }
    >
      <a
        href={undefined}
      >
         
      </a>
    </div>
    <div
      style={
        Object {
          "padding": 8,
        }
      }
    />
  </div>
</div>
`;
